bash: ./daemon.sh: No such file or directory
Note_Detail_20241127.txt
[2024/11/27 05:29:00] Generating Section remover
[2024/11/27 05:29:04] Preprocessing
[2024/11/27 05:30:04] Collecting inference models
[2024/11/27 05:30:06] Classifying
[2024/11/27 05:30:14] Summarizing
[2024/11/27 05:30:52] Classifying intent
[2024/11/27 05:31:52] Classifying substance use
[2024/11/27 05:32:51] Classifying inside/outside
[2024/11/27 05:32:52] Generating Embeddings
[2024/11/27 05:47:52] Generating Report
[2024/11/27 05:47:54] Creating Excel Report
[2024/11/27 05:47:54] Moving things to the database
[2024/11/27 05:48:03] Done!
Note_Detail_20241127.txt done
Note_Detail_20241128.txt
[2024/11/28 05:48:15] Generating Section remover
[2024/11/28 05:48:19] Preprocessing
[2024/11/28 05:49:26] Collecting inference models
[2024/11/28 05:49:29] Classifying
[2024/11/28 05:49:39] Summarizing
[2024/11/28 05:50:35] Classifying intent
[2024/11/28 05:51:56] Classifying substance use
[2024/11/28 05:53:15] Classifying inside/outside
[2024/11/28 05:53:16] Generating Embeddings
[2024/11/28 06:11:08] Generating Report
[2024/11/28 06:11:10] Creating Excel Report
[2024/11/28 06:11:10] Moving things to the database
[2024/11/28 06:11:20] Done!
Note_Detail_20241128.txt done
Note_Detail_20241129.txt
[2024/11/29 05:11:32] Generating Section remover
[2024/11/29 05:11:36] Preprocessing
[2024/11/29 05:12:43] Collecting inference models
[2024/11/29 05:12:46] Classifying
[2024/11/29 05:12:55] Summarizing
[2024/11/29 05:13:41] Classifying intent
[2024/11/29 05:14:45] Classifying substance use
[2024/11/29 05:15:50] Classifying inside/outside
[2024/11/29 05:15:51] Generating Embeddings
[2024/11/29 05:36:47] Generating Report
[2024/11/29 05:36:49] Creating Excel Report
[2024/11/29 05:36:49] Moving things to the database
[2024/11/29 05:36:59] Done!
Note_Detail_20241129.txt done
Note_Detail_20241130.txt
[2024/11/30 05:37:10] Generating Section remover
[2024/11/30 05:37:14] Preprocessing
[2024/11/30 05:38:20] Collecting inference models
[2024/11/30 05:38:23] Classifying
[2024/11/30 05:38:32] Summarizing
[2024/11/30 05:39:12] Classifying intent
[2024/11/30 05:40:13] Classifying substance use
[2024/11/30 05:41:14] Classifying inside/outside
[2024/11/30 05:41:15] Generating Embeddings
[2024/11/30 05:58:23] Generating Report
[2024/11/30 05:58:25] Creating Excel Report
[2024/11/30 05:58:26] Moving things to the database
[2024/11/30 05:58:36] Done!
Note_Detail_20241130.txt done
Note_Detail_20241201.txt
[2024/12/01 05:58:47] Generating Section remover
[2024/12/01 05:58:51] Preprocessing
[2024/12/01 05:59:49] Collecting inference models
[2024/12/01 05:59:51] Classifying
[2024/12/01 05:59:59] Summarizing
[2024/12/01 06:00:44] Classifying intent
[2024/12/01 06:01:49] Classifying substance use
[2024/12/01 06:02:54] Classifying inside/outside
[2024/12/01 06:02:56] Generating Embeddings
[2024/12/01 06:32:45] Generating Report
[2024/12/01 06:32:47] Creating Excel Report
[2024/12/01 06:32:48] Moving things to the database
[2024/12/01 06:32:57] Done!
Note_Detail_20241201.txt done
Note_Detail_20241202.txt
[2024/12/02 05:33:08] Generating Section remover
[2024/12/02 05:33:12] Preprocessing
[2024/12/02 05:34:05] Collecting inference models
[2024/12/02 05:34:07] Classifying
[2024/12/02 05:34:17] Summarizing
[2024/12/02 05:35:12] Classifying intent
[2024/12/02 05:36:22] Classifying substance use
[2024/12/02 05:37:38] Classifying inside/outside
[2024/12/02 05:37:39] Generating Embeddings
[2024/12/02 05:53:41] Generating Report
[2024/12/02 05:53:43] Creating Excel Report
[2024/12/02 05:53:43] Moving things to the database
[2024/12/02 05:53:53] Done!
Note_Detail_20241202.txt done
Note_Detail_20241203.txt
[2024/12/03 05:54:04] Generating Section remover
[2024/12/03 05:54:08] Preprocessing
[2024/12/03 05:55:01] Collecting inference models
[2024/12/03 05:55:04] Classifying
[2024/12/03 05:55:11] Summarizing
[2024/12/03 05:55:48] Classifying intent
[2024/12/03 05:56:45] Classifying substance use
[2024/12/03 05:57:41] Classifying inside/outside
[2024/12/03 05:57:42] Generating Embeddings
[2024/12/03 06:13:23] Generating Report
[2024/12/03 06:13:26] Creating Excel Report
[2024/12/03 06:13:26] Moving things to the database
[2024/12/03 06:13:36] Done!
Note_Detail_20241203.txt done
